../Core/Src/main.c:113:1:__io_putchar	16	static
../Core/Src/main.c:130:6:RS485_TX_ENABLE	8	static
../Core/Src/main.c:138:6:RS485_RX_ENABLE	8	static
../Core/Src/main.c:147:6:HAL_UART_RxCpltCallback	16	static
../Core/Src/main.c:172:6:HAL_TIM_PeriodElapsedCallback	16	static
../Core/Src/main.c:184:10:ModbusCRC	32	static
../Core/Src/main.c:203:6:ProcessModbusPacket	304	static
../Core/Src/main.c:319:10:ReadHoldingRegister	16	static
../Core/Src/main.c:329:6:WriteSingleRegister	24	static
../Core/Src/main.c:359:5:main	24	static
../Core/Src/main.c:479:6:SystemClock_Config	88	static
../Core/Src/main.c:522:5:_write	24	static
../Core/Src/main.c:528:6:HAL_ADC_ConvCpltCallback	16	static
../Core/Src/main.c:539:6:Error_Handler	4	static,ignoring_inline_asm
